// Jest Snapshot v1, https://goo.gl/fbAQLP

exports[`o retorno do telefonema ocupado 1`] = `"received is not a function"`;
